[www.columbiawestcollege.edu/index.html]
[backblue.gif]
[fade.gif]
[index.html]
[cdn.prod.website-files.com/645ae3d5b2f0b56f0f5ae1ea/css/cwc-website.webflow.shared.306681333.css]
[ajax.googleapis.com/ajax/libs/webfont/1.6.26/webfont.js]
[cdn.prod.website-files.com/645ae3d5b2f0b56f0f5ae1ea/647e7e61162c5306c74816f1_cropped-logo-footer-32x32.png]
[cdn.prod.website-files.com/645ae3d5b2f0b56f0f5ae1ea/647e7ef67f317f025a9aff03_cwc.png]
[www.columbiawestcollege.edu/zh-TW.html]
[www.columbiawestcollege.edu/cn.html]
[www.columbiawestcollege.edu/th.html]
[www.columbiawestcollege.edu/es.html]
[www.columbiawestcollege.edu/ko.html]
[www.columbiawestcollege.edu/ru.html]
[www.columbiawestcollege.edu/pt.html]
[www.columbiawestcollege.edu/ja.html]
[www.columbiawestcollege.edu/apply.html]
[www.columbiawestcollege.edu/payment.html]
[www.columbiawestcollege.edu/agent-registration-application.html]
[cdn.prod.website-files.com/645ae3d5b2f0b56f0f5ae1ea/645aeb70b2f0b55bf65b634a_logocwc.png]
[www.columbiawestcollege.edu/programs/english-speaking-success.html]
[www.columbiawestcollege.edu/programs/american-communication.html]
[www.columbiawestcollege.edu/programs/empowering-english.html]
[www.columbiawestcollege.edu/programs/2-day-program.html]
[www.columbiawestcollege.edu/programs/english-through-american-culture.html]
[www.columbiawestcollege.edu/programs/vacation-english.html]
[www.columbiawestcollege.edu/expert-visa-help-student-support-subpage.html]
[www.columbiawestcollege.edu/la-subpage.html]
[www.columbiawestcollege.edu/accommodations.html]
[www.columbiawestcollege.edu/students/gallery.html]
[www.columbiawestcollege.edu/students/faqs.html]
[www.columbiawestcollege.edu/about.html]
[www.columbiawestcollege.edu/our-teachers.html]
[www.columbiawestcollege.edu/mission-values.html]
[www.columbiawestcollege.edu/blog.html]
[www.columbiawestcollege.edu/contact-us.html]
[www.columbiawestcollege.edu/_https_/cdn.prod.website-files.com/645ae3d5b2f0b56f0f5ae1ea/67c7deddf335a66e2b14e861_top-hero_image_video-poster-00001.24.delayed]
[static.elfsight.com/platform/platform.js]
[www.columbiawestcollege.edu/students/careers.html]
[www.columbiawestcollege.edu/terms-and-conditions.html]
[d3e54v103j8qbb.cloudfront.net/js/jquery-3.5.1.min.dc5e7f18c8b5f2.js]
[cdn.prod.website-files.com/645ae3d5b2f0b56f0f5ae1ea/js/webflow.schunk.36b8fb49256177c8.js]
[cdn.prod.website-files.com/645ae3d5b2f0b56f0f5ae1ea/js/webflow.schunk.629a892c9aa6fed3.js]
[cdn.prod.website-files.com/645ae3d5b2f0b56f0f5ae1ea/js/webflow.45ee2541.2dcf820f6e56a6fb.js]
[static.linguana.io/public/linguana_switcher.min.js]
[www.columbiawestcollege.edu/index.html]
[static.linguana.io/public/linguana_switcher.min.css]
[cdn.prod.website-files.com/645ae3d5b2f0b56f0f5ae1ea/666be612c02e9299af25fd8b_feature_06-v2.jpg]
[cdn.prod.website-files.com/645ae3d5b2f0b56f0f5ae1ea/css/cwc-website.webflow.shared.306681333.css]
[www.googletagmanager.com/gtm5445.html]
[www.columbiawestcollege.edu/zh-TW/apply.html]
[www.columbiawestcollege.edu/zh-TW/payment.html]
[www.columbiawestcollege.edu/zh-TW/agent-registration-application.html]
[www.columbiawestcollege.edu/zh-TW/programs/english-speaking-success.html]
[www.columbiawestcollege.edu/zh-TW/programs/american-communication.html]
[www.columbiawestcollege.edu/zh-TW/programs/empowering-english.html]
[www.columbiawestcollege.edu/zh-TW/programs/2-day-program.html]
[www.columbiawestcollege.edu/zh-TW/programs/english-through-american-culture.html]
[www.columbiawestcollege.edu/zh-TW/programs/vacation-english.html]
[www.columbiawestcollege.edu/zh-TW/apply-old.html]
[www.columbiawestcollege.edu/zh-TW/expert-visa-help-student-support-subpage.html]
[www.columbiawestcollege.edu/zh-TW/la-subpage.html]
[www.columbiawestcollege.edu/zh-TW/accommodations.html]
[www.columbiawestcollege.edu/zh-TW/students/gallery.html]
[www.columbiawestcollege.edu/zh-TW/students/faqs.html]
[www.columbiawestcollege.edu/zh-TW/about.html]
[www.columbiawestcollege.edu/zh-TW/our-teachers.html]
[www.columbiawestcollege.edu/zh-TW/mission-values.html]
[www.columbiawestcollege.edu/zh-TW/blog.html]
[www.columbiawestcollege.edu/zh-TW/contact-us.html]
[cdn.prod.website-files.com/645ae3d5b2f0b56f0f5ae1ea/67c7deddf335a66e2b14e861_top-hero_image_video-poster-00001.jpg]
[www.columbiawestcollege.edu/zh-TW/old-home.html]
[www.columbiawestcollege.edu/zh-TW/accommodations-old.html]
[www.columbiawestcollege.edu/zh-TW/students/careers.html]
[www.columbiawestcollege.edu/zh-TW.html]
[www.columbiawestcollege.edu/zh-TW/terms-and-conditions.html]
[www.columbiawestcollege.edu/cn/apply.html]
[www.columbiawestcollege.edu/cn/payment.html]
[www.columbiawestcollege.edu/cn/agent-registration-application.html]
[www.columbiawestcollege.edu/cn/programs/english-speaking-success.html]
[www.columbiawestcollege.edu/cn/programs/american-communication.html]
[www.columbiawestcollege.edu/cn/programs/empowering-english.html]
[www.columbiawestcollege.edu/cn/programs/2-day-program.html]
[www.columbiawestcollege.edu/cn/programs/english-through-american-culture.html]
[www.columbiawestcollege.edu/cn/programs/vacation-english.html]
[www.columbiawestcollege.edu/cn/apply-old.html]
[www.columbiawestcollege.edu/cn/expert-visa-help-student-support-subpage.html]
[www.columbiawestcollege.edu/cn/la-subpage.html]
[www.columbiawestcollege.edu/cn/accommodations.html]
[www.columbiawestcollege.edu/cn/students/gallery.html]
[www.columbiawestcollege.edu/cn/students/faqs.html]
[www.columbiawestcollege.edu/cn/about.html]
[www.columbiawestcollege.edu/cn/our-teachers.html]
[www.columbiawestcollege.edu/cn/mission-values.html]
[www.columbiawestcollege.edu/cn/blog.html]
[www.columbiawestcollege.edu/cn/contact-us.html]
[www.columbiawestcollege.edu/cn/old-home.html]
[www.columbiawestcollege.edu/cn/accommodations-old.html]
[www.columbiawestcollege.edu/cn/students/careers.html]
[www.columbiawestcollege.edu/cn.html]
[www.columbiawestcollege.edu/cn/terms-and-conditions.html]
[www.columbiawestcollege.edu/th/apply.html]
[www.columbiawestcollege.edu/th/payment.html]
[www.columbiawestcollege.edu/th/agent-registration-application.html]
[www.columbiawestcollege.edu/th/programs/english-speaking-success.html]
[www.columbiawestcollege.edu/th/programs/american-communication.html]
[www.columbiawestcollege.edu/th/programs/empowering-english.html]
[www.columbiawestcollege.edu/th/programs/2-day-program.html]
[www.columbiawestcollege.edu/th/programs/english-through-american-culture.html]
[www.columbiawestcollege.edu/th/programs/vacation-english.html]
[www.columbiawestcollege.edu/th/apply-old.html]
[www.columbiawestcollege.edu/th/expert-visa-help-student-support-subpage.html]
[www.columbiawestcollege.edu/th/la-subpage.html]
[www.columbiawestcollege.edu/th/accommodations.html]
[www.columbiawestcollege.edu/th/students/gallery.html]
[www.columbiawestcollege.edu/th/students/faqs.html]
[www.columbiawestcollege.edu/th/about.html]
[www.columbiawestcollege.edu/th/our-teachers.html]
[www.columbiawestcollege.edu/th/mission-values.html]
[www.columbiawestcollege.edu/th/blog.html]
[www.columbiawestcollege.edu/th/contact-us.html]
[www.columbiawestcollege.edu/th/old-home.html]
[www.columbiawestcollege.edu/th/accommodations-old.html]
[www.columbiawestcollege.edu/th/students/careers.html]
[www.columbiawestcollege.edu/th.html]
[www.columbiawestcollege.edu/th/terms-and-conditions.html]
[www.columbiawestcollege.edu/es/apply.html]
[www.columbiawestcollege.edu/es/payment.html]
[www.columbiawestcollege.edu/es/agent-registration-application.html]
[www.columbiawestcollege.edu/es/programs/english-speaking-success.html]
[www.columbiawestcollege.edu/es/programs/american-communication.html]
[www.columbiawestcollege.edu/es/programs/empowering-english.html]
[www.columbiawestcollege.edu/es/programs/2-day-program.html]
[www.columbiawestcollege.edu/es/programs/english-through-american-culture.html]
[www.columbiawestcollege.edu/es/programs/vacation-english.html]
[www.columbiawestcollege.edu/es/apply-old.html]
[www.columbiawestcollege.edu/es/expert-visa-help-student-support-subpage.html]
[www.columbiawestcollege.edu/es/la-subpage.html]
[www.columbiawestcollege.edu/es/accommodations.html]
[www.columbiawestcollege.edu/es/students/gallery.html]
[www.columbiawestcollege.edu/es/students/faqs.html]
[www.columbiawestcollege.edu/es/about.html]
[www.columbiawestcollege.edu/es/our-teachers.html]
[www.columbiawestcollege.edu/es/mission-values.html]
[www.columbiawestcollege.edu/es/blog.html]
[www.columbiawestcollege.edu/es/contact-us.html]
[www.columbiawestcollege.edu/es/old-home.html]
[www.columbiawestcollege.edu/es/accommodations-old.html]
[www.columbiawestcollege.edu/es/students/careers.html]
[www.columbiawestcollege.edu/es.html]
[www.columbiawestcollege.edu/es/terms-and-conditions.html]
[www.columbiawestcollege.edu/ko/apply.html]
[www.columbiawestcollege.edu/ko/payment.html]
[www.columbiawestcollege.edu/ko/agent-registration-application.html]
[www.columbiawestcollege.edu/ko/programs/english-speaking-success.html]
[www.columbiawestcollege.edu/ko/programs/american-communication.html]
[www.columbiawestcollege.edu/ko/programs/empowering-english.html]
[www.columbiawestcollege.edu/ko/programs/2-day-program.html]
[www.columbiawestcollege.edu/ko/programs/english-through-american-culture.html]
[www.columbiawestcollege.edu/ko/programs/vacation-english.html]
[www.columbiawestcollege.edu/ko/apply-old.html]
[www.columbiawestcollege.edu/ko/expert-visa-help-student-support-subpage.html]
[www.columbiawestcollege.edu/ko/la-subpage.html]
[www.columbiawestcollege.edu/ko/accommodations.html]
[www.columbiawestcollege.edu/ko/students/gallery.html]
[www.columbiawestcollege.edu/ko/students/faqs.html]
[www.columbiawestcollege.edu/ko/about.html]
[www.columbiawestcollege.edu/ko/our-teachers.html]
[www.columbiawestcollege.edu/ko/mission-values.html]
[www.columbiawestcollege.edu/ko/blog.html]
[www.columbiawestcollege.edu/ko/contact-us.html]
[www.columbiawestcollege.edu/ko/old-home.html]
[www.columbiawestcollege.edu/ko/accommodations-old.html]
[www.columbiawestcollege.edu/ko/students/careers.html]
[www.columbiawestcollege.edu/ko.html]
[www.columbiawestcollege.edu/ko/terms-and-conditions.html]
[www.columbiawestcollege.edu/ru/apply.html]
[www.columbiawestcollege.edu/ru/payment.html]
[www.columbiawestcollege.edu/ru/agent-registration-application.html]
[www.columbiawestcollege.edu/ru/programs/english-speaking-success.html]
[www.columbiawestcollege.edu/ru/programs/american-communication.html]
[www.columbiawestcollege.edu/ru/programs/empowering-english.html]
[www.columbiawestcollege.edu/ru/programs/2-day-program.html]
[www.columbiawestcollege.edu/ru/programs/english-through-american-culture.html]
[www.columbiawestcollege.edu/ru/programs/vacation-english.html]
[www.columbiawestcollege.edu/ru/apply-old.html]
[www.columbiawestcollege.edu/ru/expert-visa-help-student-support-subpage.html]
[www.columbiawestcollege.edu/ru/la-subpage.html]
[www.columbiawestcollege.edu/ru/accommodations.html]
[www.columbiawestcollege.edu/ru/students/gallery.html]
[www.columbiawestcollege.edu/ru/students/faqs.html]
[www.columbiawestcollege.edu/ru/about.html]
[www.columbiawestcollege.edu/ru/our-teachers.html]
[www.columbiawestcollege.edu/ru/mission-values.html]
[www.columbiawestcollege.edu/ru/blog.html]
[www.columbiawestcollege.edu/ru/contact-us.html]
[www.columbiawestcollege.edu/ru/old-home.html]
[www.columbiawestcollege.edu/ru/accommodations-old.html]
[www.columbiawestcollege.edu/ru/students/careers.html]
[www.columbiawestcollege.edu/ru.html]
[www.columbiawestcollege.edu/ru/terms-and-conditions.html]
[www.columbiawestcollege.edu/pt/apply.html]
[www.columbiawestcollege.edu/pt/payment.html]
[www.columbiawestcollege.edu/pt/agent-registration-application.html]
[www.columbiawestcollege.edu/pt/programs/english-speaking-success.html]
[www.columbiawestcollege.edu/pt/programs/american-communication.html]
[www.columbiawestcollege.edu/pt/programs/empowering-english.html]
[www.columbiawestcollege.edu/pt/programs/2-day-program.html]
[www.columbiawestcollege.edu/pt/programs/english-through-american-culture.html]
[www.columbiawestcollege.edu/pt/programs/vacation-english.html]
[www.columbiawestcollege.edu/pt/apply-old.html]
[www.columbiawestcollege.edu/pt/expert-visa-help-student-support-subpage.html]
[www.columbiawestcollege.edu/pt/la-subpage.html]
[www.columbiawestcollege.edu/pt/accommodations.html]
[www.columbiawestcollege.edu/pt/students/gallery.html]
[www.columbiawestcollege.edu/pt/students/faqs.html]
[www.columbiawestcollege.edu/pt/about.html]
[www.columbiawestcollege.edu/pt/our-teachers.html]
[www.columbiawestcollege.edu/pt/mission-values.html]
[www.columbiawestcollege.edu/pt/blog.html]
[www.columbiawestcollege.edu/pt/contact-us.html]
[www.columbiawestcollege.edu/pt/old-home.html]
[www.columbiawestcollege.edu/pt/accommodations-old.html]
[www.columbiawestcollege.edu/pt/students/careers.html]
[www.columbiawestcollege.edu/pt.html]
[www.columbiawestcollege.edu/pt/terms-and-conditions.html]
[www.columbiawestcollege.edu/ja/apply.html]
[www.columbiawestcollege.edu/ja/payment.html]
[www.columbiawestcollege.edu/ja/agent-registration-application.html]
[www.columbiawestcollege.edu/ja/programs/english-speaking-success.html]
[www.columbiawestcollege.edu/ja/programs/american-communication.html]
[www.columbiawestcollege.edu/ja/programs/empowering-english.html]
[www.columbiawestcollege.edu/ja/programs/2-day-program.html]
[www.columbiawestcollege.edu/ja/programs/english-through-american-culture.html]
[www.columbiawestcollege.edu/ja/programs/vacation-english.html]
[www.columbiawestcollege.edu/ja/apply-old.html]
[www.columbiawestcollege.edu/ja/expert-visa-help-student-support-subpage.html]
[www.columbiawestcollege.edu/ja/la-subpage.html]
[www.columbiawestcollege.edu/ja/accommodations.html]
[www.columbiawestcollege.edu/ja/students/gallery.html]
[www.columbiawestcollege.edu/ja/students/faqs.html]
[www.columbiawestcollege.edu/ja/about.html]
[www.columbiawestcollege.edu/ja/our-teachers.html]
[www.columbiawestcollege.edu/ja/mission-values.html]
[www.columbiawestcollege.edu/ja/blog.html]
[www.columbiawestcollege.edu/ja/contact-us.html]
[www.columbiawestcollege.edu/ja/old-home.html]
[www.columbiawestcollege.edu/ja/accommodations-old.html]
[www.columbiawestcollege.edu/ja/students/careers.html]
[www.columbiawestcollege.edu/ja.html]
[www.columbiawestcollege.edu/ja/terms-and-conditions.html]
[cdn.prod.website-files.com/645ae3d5b2f0b56f0f5ae1ea/6475dde27bbea3b79bf07e0d_step2.png]
[cdn.jotfor.ms/s/umd/latest/for-form-embed-handler.js]
[cdn.prod.website-files.com/645ae3d5b2f0b56f0f5ae1ea/js/webflow.schunk.121b0d7ff03e0f4a.js]
[www.columbiawestcollege.edu/apply.html]
[cdn.prod.website-files.com/645ae3d5b2f0b56f0f5ae1ea/js/webflow.bc96f451.dce6d678a2c9bea0.js]
[cdn.prod.website-files.com/645ae3d5b2f0b56f0f5ae1ea/6629db89f8614c935ae2aa45_btn_paynowCC_LG.gif]
[cdn.prod.website-files.com/645ae3d5b2f0b56f0f5ae1ea/js/webflow.schunk.c1ba5b3241f18908.js]
[www.columbiawestcollege.edu/payment.html]
[www.columbiawestcollege.edu/agent-registration-application.html]
[cdn.prod.website-files.com/645ae3d5b2f0b56f0f5ae1ea/js/webflow.f24afdb1.f197a644f35e07c4.js]
[cdn.prod.website-files.com/645ae3d5b2f0b56f0f5ae1ea/js/webflow.schunk.f919141e3448519b.js]
[www.columbiawestcollege.edu/programs/english-speaking-success.html]
[cdn.prod.website-files.com/645ae3d5b2f0b56f0f5ae1ea/js/webflow.97843ec2.1cf6fd869eceaaf5.js]
[www.columbiawestcollege.edu/programs/american-communication.html]
[www.columbiawestcollege.edu/programs/empowering-english.html]
[www.columbiawestcollege.edu/programs/2-day-program.html]
[www.columbiawestcollege.edu/programs/english-through-american-culture.html]
[www.columbiawestcollege.edu/programs/vacation-english.html]
[cdn.prod.website-files.com/645ae3d5b2f0b56f0f5ae1ea/js/webflow.a950ee99.e9a7f3f3440e1899.js]
[www.columbiawestcollege.edu/expert-visa-help-student-support-subpage.html]
[www.columbiawestcollege.edu/la-subpage.html]
[www.columbiawestcollege.edu/accommodations.html]
[cdn.prod.website-files.com/645ae3d5b2f0b56f0f5ae1ea/js/webflow.b7e07cb5.b6a51dc1e60d8a32.js]
[cdn.prod.website-files.com/645ae3d5b2f0b56f0f5ae1ea/64671a3110db4152d556efc7_cwc_gallery_images_optimized-7.jpg]
[cdn.prod.website-files.com/645ae3d5b2f0b56f0f5ae1ea/64671a3176d96422ff51ecd2_cwc_gallery_images_optimized-6.jpg]
[cdn.prod.website-files.com/645ae3d5b2f0b56f0f5ae1ea/646718be10db4152d5558db9_cwc_gallery_images_optimized-4.jpg]
[cdn.prod.website-files.com/645ae3d5b2f0b56f0f5ae1ea/646718be0e4b6b6d428ecd12_cwc_gallery_images_optimized-3-1.jpg]
[www.columbiawestcollege.edu/students/gallery.html]
[www.columbiawestcollege.edu/students/faqs.html]
[www.columbiawestcollege.edu/about.html]
[cdn.prod.website-files.com/645ae3d5b2f0b56f0f5ae1ea/67b7d37c6a88690d9b1a8125_teach_at_cwc-thumbnail.jpg]
[www.columbiawestcollege.edu/our-teachers.html]
[www.columbiawestcollege.edu/mission-values.html]
[www.columbiawestcollege.edu/blog/memorial-day-weekend-2025-a-guide-for-columbia-west-college-students.html]
[cdn.prod.website-files.com/64775f0d75800e25ab193e23/6824e7704b5ccdf5cc5bae40_6929474.jpg]
[www.columbiawestcollege.edu/blog/success-in-english-class-for-international-students.html]
[cdn.prod.website-files.com/64775f0d75800e25ab193e23/6803e743dfa65eb1696b2bcc_What Makes CWC Special (1).jpg]
[www.columbiawestcollege.edu/blog/los-angeles-safety-guide-for-international-students.html]
[cdn.prod.website-files.com/64775f0d75800e25ab193e23/6803e562f7b262bcb4866483_What Makes CWC Special (2).jpg]
[www.columbiawestcollege.edu/blog/what-makes-columbia-west-college-so-special.html]
[cdn.prod.website-files.com/64775f0d75800e25ab193e23/6803e4ea24a4d0a886857aa0_What Makes CWC Special.jpg]
[www.columbiawestcollege.edu/blog.html]
[www.columbiawestcollege.edu/contact-us.html]
[www.columbiawestcollege.edu/_https_/cdn.prod.website-files.com/645ae3d5b2f0b56f0f5ae1ea/67c7deddf335a66e2b14e861_top-hero_image_video-poster-00001.html]
[www.columbiawestcollege.edu/students/careers.html]
[www.columbiawestcollege.edu/terms-and-conditions.html]
[static.linguana.io/public/linguana_switcher.min.css]
[www.columbiawestcollege.edu/zh-TW/apply.html]
[www.columbiawestcollege.edu/zh-TW/payment.html]
[www.columbiawestcollege.edu/zh-TW/agent-registration-application.html]
[www.columbiawestcollege.edu/zh-TW/programs/english-speaking-success.html]
[www.columbiawestcollege.edu/zh-TW/programs/american-communication.html]
[www.columbiawestcollege.edu/zh-TW/programs/empowering-english.html]
[www.columbiawestcollege.edu/zh-TW/programs/2-day-program.html]
[www.columbiawestcollege.edu/zh-TW/programs/english-through-american-culture.html]
[www.columbiawestcollege.edu/zh-TW/programs/vacation-english.html]
[www.columbiawestcollege.edu/zh-TW/apply-old.html]
[www.columbiawestcollege.edu/zh-TW/expert-visa-help-student-support-subpage.html]
[www.columbiawestcollege.edu/zh-TW/la-subpage.html]
[www.columbiawestcollege.edu/zh-TW/accommodations.html]
[www.columbiawestcollege.edu/zh-TW/students/gallery.html]
[www.columbiawestcollege.edu/zh-TW/students/faqs.html]
[www.columbiawestcollege.edu/zh-TW/about.html]
[www.columbiawestcollege.edu/zh-TW/our-teachers.html]
[www.columbiawestcollege.edu/zh-TW/mission-values.html]
[www.columbiawestcollege.edu/zh-TW/contact-us-oldv2.html]
[www.columbiawestcollege.edu/zh-TW/blog/success-in-english-class-for-international-students.html]
[www.columbiawestcollege.edu/zh-TW/blog/los-angeles-safety-guide-for-international-students.html]
[www.columbiawestcollege.edu/zh-TW/blog.html]
[www.columbiawestcollege.edu/zh-TW/contact-us.html]
[www.columbiawestcollege.edu/zh-TW/old-home.html]
[www.columbiawestcollege.edu/zh-TW/accommodations-old.html]
[www.columbiawestcollege.edu/zh-TW/students/careers.html]
[www.columbiawestcollege.edu/zh-TW/terms-and-conditions.html]
[www.columbiawestcollege.edu/cn/apply.html]
[www.columbiawestcollege.edu/zh-TW/blog/what-makes-columbia-west-college-so-special.html]
[www.columbiawestcollege.edu/cn/payment.html]
[www.columbiawestcollege.edu/cn/agent-registration-application.html]
[www.columbiawestcollege.edu/cn/programs/english-speaking-success.html]
[www.columbiawestcollege.edu/cn/programs/american-communication.html]
[www.columbiawestcollege.edu/cn/programs/empowering-english.html]
[www.columbiawestcollege.edu/cn/programs/2-day-program.html]
[www.columbiawestcollege.edu/cn/programs/english-through-american-culture.html]
[www.columbiawestcollege.edu/cn/programs/vacation-english.html]
[www.columbiawestcollege.edu/cn/apply-old.html]
[www.columbiawestcollege.edu/cn/expert-visa-help-student-support-subpage.html]
[www.columbiawestcollege.edu/cn/la-subpage.html]
[www.columbiawestcollege.edu/cn/accommodations.html]
[www.columbiawestcollege.edu/cn/students/gallery.html]
[www.columbiawestcollege.edu/cn/students/faqs.html]
[www.columbiawestcollege.edu/cn/about.html]
[www.columbiawestcollege.edu/cn/our-teachers.html]
[www.columbiawestcollege.edu/cn/mission-values.html]
[www.columbiawestcollege.edu/cn/contact-us-oldv2.html]
[www.columbiawestcollege.edu/cn/blog/success-in-english-class-for-international-students.html]
[www.columbiawestcollege.edu/cn/blog/los-angeles-safety-guide-for-international-students.html]
[www.columbiawestcollege.edu/cn/blog.html]
[www.columbiawestcollege.edu/cn/contact-us.html]
[www.columbiawestcollege.edu/cn/old-home.html]
[www.columbiawestcollege.edu/cn/accommodations-old.html]
[www.columbiawestcollege.edu/cn/students/careers.html]
[www.columbiawestcollege.edu/cn/terms-and-conditions.html]
[www.columbiawestcollege.edu/th/apply.html]
[www.columbiawestcollege.edu/cn/blog/what-makes-columbia-west-college-so-special.html]
[www.columbiawestcollege.edu/th/payment.html]
[www.columbiawestcollege.edu/th/agent-registration-application.html]
[www.columbiawestcollege.edu/th/programs/english-speaking-success.html]
[www.columbiawestcollege.edu/th/programs/american-communication.html]
[www.columbiawestcollege.edu/th/programs/empowering-english.html]
[www.columbiawestcollege.edu/th/programs/2-day-program.html]
[www.columbiawestcollege.edu/th/programs/english-through-american-culture.html]
[www.columbiawestcollege.edu/th/programs/vacation-english.html]
[www.columbiawestcollege.edu/th/apply-old.html]
[www.columbiawestcollege.edu/th/expert-visa-help-student-support-subpage.html]
[www.columbiawestcollege.edu/th/la-subpage.html]
[www.columbiawestcollege.edu/th/accommodations.html]
[www.columbiawestcollege.edu/th/students/gallery.html]
[www.columbiawestcollege.edu/th/students/faqs.html]
[www.columbiawestcollege.edu/th/about.html]
[www.columbiawestcollege.edu/th/our-teachers.html]
[www.columbiawestcollege.edu/th/mission-values.html]
[www.columbiawestcollege.edu/th/contact-us-oldv2.html]
[www.columbiawestcollege.edu/th/blog/success-in-english-class-for-international-students.html]
[www.columbiawestcollege.edu/th/blog/los-angeles-safety-guide-for-international-students.html]
[www.columbiawestcollege.edu/th/blog.html]
[www.columbiawestcollege.edu/th/contact-us.html]
[www.columbiawestcollege.edu/th/old-home.html]
[www.columbiawestcollege.edu/th/accommodations-old.html]
[www.columbiawestcollege.edu/th/students/careers.html]
[www.columbiawestcollege.edu/th/terms-and-conditions.html]
[www.columbiawestcollege.edu/es/apply.html]
[www.columbiawestcollege.edu/th/blog/what-makes-columbia-west-college-so-special.html]
[www.columbiawestcollege.edu/es/payment.html]
[www.columbiawestcollege.edu/es/agent-registration-application.html]
[www.columbiawestcollege.edu/es/programs/english-speaking-success.html]
[www.columbiawestcollege.edu/es/programs/american-communication.html]
[www.columbiawestcollege.edu/es/programs/empowering-english.html]
[www.columbiawestcollege.edu/es/programs/2-day-program.html]
[www.columbiawestcollege.edu/es/programs/english-through-american-culture.html]
[www.columbiawestcollege.edu/es/programs/vacation-english.html]
[www.columbiawestcollege.edu/es/apply-old.html]
[www.columbiawestcollege.edu/es/expert-visa-help-student-support-subpage.html]
[www.columbiawestcollege.edu/es/la-subpage.html]
[www.columbiawestcollege.edu/es/accommodations.html]
[www.columbiawestcollege.edu/es/students/gallery.html]
[www.columbiawestcollege.edu/es/students/faqs.html]
[www.columbiawestcollege.edu/es/about.html]
[www.columbiawestcollege.edu/es/our-teachers.html]
[www.columbiawestcollege.edu/es/mission-values.html]
[www.columbiawestcollege.edu/es/contact-us-oldv2.html]
[www.columbiawestcollege.edu/es/blog/success-in-english-class-for-international-students.html]
[www.columbiawestcollege.edu/es/blog/los-angeles-safety-guide-for-international-students.html]
[www.columbiawestcollege.edu/es/blog.html]
[www.columbiawestcollege.edu/es/contact-us.html]
[www.columbiawestcollege.edu/es/old-home.html]
[www.columbiawestcollege.edu/es/accommodations-old.html]
[www.columbiawestcollege.edu/es/students/careers.html]
[www.columbiawestcollege.edu/es/terms-and-conditions.html]
[www.columbiawestcollege.edu/ko/apply.html]
[www.columbiawestcollege.edu/es/blog/what-makes-columbia-west-college-so-special.html]
[www.columbiawestcollege.edu/ko/payment.html]
[www.columbiawestcollege.edu/ko/agent-registration-application.html]
[www.columbiawestcollege.edu/ko/programs/english-speaking-success.html]
[www.columbiawestcollege.edu/ko/programs/american-communication.html]
[www.columbiawestcollege.edu/ko/programs/empowering-english.html]
[www.columbiawestcollege.edu/ko/programs/2-day-program.html]
[www.columbiawestcollege.edu/ko/programs/english-through-american-culture.html]
[www.columbiawestcollege.edu/ko/programs/vacation-english.html]
[www.columbiawestcollege.edu/ko/apply-old.html]
[www.columbiawestcollege.edu/ko/expert-visa-help-student-support-subpage.html]
[www.columbiawestcollege.edu/ko/la-subpage.html]
[www.columbiawestcollege.edu/ko/accommodations.html]
[www.columbiawestcollege.edu/ko/students/gallery.html]
[www.columbiawestcollege.edu/ko/students/faqs.html]
[www.columbiawestcollege.edu/ko/about.html]
[www.columbiawestcollege.edu/ko/our-teachers.html]
[www.columbiawestcollege.edu/ko/mission-values.html]
[www.columbiawestcollege.edu/ko/contact-us-oldv2.html]
[www.columbiawestcollege.edu/ko/blog/success-in-english-class-for-international-students.html]
[www.columbiawestcollege.edu/ko/blog/los-angeles-safety-guide-for-international-students.html]
[www.columbiawestcollege.edu/ko/blog.html]
[www.columbiawestcollege.edu/ko/contact-us.html]
[www.columbiawestcollege.edu/ko/old-home.html]
[www.columbiawestcollege.edu/ko/accommodations-old.html]
[www.columbiawestcollege.edu/ko/students/careers.html]
[www.columbiawestcollege.edu/ko/terms-and-conditions.html]
[www.columbiawestcollege.edu/ru/apply.html]
[www.columbiawestcollege.edu/ko/blog/what-makes-columbia-west-college-so-special.html]
[www.columbiawestcollege.edu/ru/payment.html]
[www.columbiawestcollege.edu/ru/agent-registration-application.html]
[www.columbiawestcollege.edu/ru/programs/english-speaking-success.html]
[www.columbiawestcollege.edu/ru/programs/american-communication.html]
[www.columbiawestcollege.edu/ru/programs/empowering-english.html]
[www.columbiawestcollege.edu/ru/programs/2-day-program.html]
[www.columbiawestcollege.edu/ru/programs/english-through-american-culture.html]
[www.columbiawestcollege.edu/ru/programs/vacation-english.html]
[www.columbiawestcollege.edu/ru/apply-old.html]
[www.columbiawestcollege.edu/ru/expert-visa-help-student-support-subpage.html]
[www.columbiawestcollege.edu/ru/la-subpage.html]
[www.columbiawestcollege.edu/ru/accommodations.html]
[www.columbiawestcollege.edu/ru/students/gallery.html]
[www.columbiawestcollege.edu/ru/students/faqs.html]
[www.columbiawestcollege.edu/ru/about.html]
[www.columbiawestcollege.edu/ru/our-teachers.html]
[www.columbiawestcollege.edu/ru/mission-values.html]
[www.columbiawestcollege.edu/ru/contact-us-oldv2.html]
[www.columbiawestcollege.edu/ru/blog/success-in-english-class-for-international-students.html]
[www.columbiawestcollege.edu/ru/blog/los-angeles-safety-guide-for-international-students.html]
[www.columbiawestcollege.edu/ru/blog.html]
[www.columbiawestcollege.edu/ru/contact-us.html]
[www.columbiawestcollege.edu/ru/old-home.html]
[www.columbiawestcollege.edu/ru/accommodations-old.html]
[www.columbiawestcollege.edu/ru/students/careers.html]
[www.columbiawestcollege.edu/ru/terms-and-conditions.html]
[www.columbiawestcollege.edu/pt/apply.html]
[www.columbiawestcollege.edu/ru/blog/what-makes-columbia-west-college-so-special.html]
[www.columbiawestcollege.edu/pt/payment.html]
[www.columbiawestcollege.edu/pt/agent-registration-application.html]
[www.columbiawestcollege.edu/pt/programs/english-speaking-success.html]
[www.columbiawestcollege.edu/pt/programs/american-communication.html]
[www.columbiawestcollege.edu/pt/programs/empowering-english.html]
[www.columbiawestcollege.edu/pt/programs/2-day-program.html]
[www.columbiawestcollege.edu/pt/programs/english-through-american-culture.html]
[www.columbiawestcollege.edu/pt/programs/vacation-english.html]
[www.columbiawestcollege.edu/pt/apply-old.html]
[www.columbiawestcollege.edu/pt/expert-visa-help-student-support-subpage.html]
[www.columbiawestcollege.edu/pt/la-subpage.html]
[www.columbiawestcollege.edu/pt/accommodations.html]
[www.columbiawestcollege.edu/pt/students/gallery.html]
[www.columbiawestcollege.edu/pt/students/faqs.html]
[www.columbiawestcollege.edu/pt/about.html]
[www.columbiawestcollege.edu/pt/our-teachers.html]
[www.columbiawestcollege.edu/pt/mission-values.html]
[www.columbiawestcollege.edu/pt/contact-us-oldv2.html]
[www.columbiawestcollege.edu/pt/blog/success-in-english-class-for-international-students.html]
[www.columbiawestcollege.edu/pt/blog/los-angeles-safety-guide-for-international-students.html]
[www.columbiawestcollege.edu/pt/blog.html]
[www.columbiawestcollege.edu/pt/contact-us.html]
[www.columbiawestcollege.edu/pt/old-home.html]
[www.columbiawestcollege.edu/pt/accommodations-old.html]
[www.columbiawestcollege.edu/pt/students/careers.html]
[www.columbiawestcollege.edu/pt/terms-and-conditions.html]
[www.columbiawestcollege.edu/ja/apply.html]
[www.columbiawestcollege.edu/pt/blog/what-makes-columbia-west-college-so-special.html]
[www.columbiawestcollege.edu/ja/payment.html]
[www.columbiawestcollege.edu/ja/agent-registration-application.html]
[www.columbiawestcollege.edu/ja/programs/english-speaking-success.html]
[www.columbiawestcollege.edu/ja/programs/american-communication.html]
[www.columbiawestcollege.edu/ja/programs/empowering-english.html]
[www.columbiawestcollege.edu/ja/programs/2-day-program.html]
[www.columbiawestcollege.edu/ja/programs/english-through-american-culture.html]
[www.columbiawestcollege.edu/ja/programs/vacation-english.html]
[www.columbiawestcollege.edu/ja/apply-old.html]
[www.columbiawestcollege.edu/ja/expert-visa-help-student-support-subpage.html]
[www.columbiawestcollege.edu/ja/la-subpage.html]
[www.columbiawestcollege.edu/ja/accommodations.html]
[www.columbiawestcollege.edu/ja/students/gallery.html]
[www.columbiawestcollege.edu/ja/students/faqs.html]
[www.columbiawestcollege.edu/ja/about.html]
[www.columbiawestcollege.edu/ja/our-teachers.html]
[www.columbiawestcollege.edu/ja/mission-values.html]
[www.columbiawestcollege.edu/ja/contact-us-oldv2.html]
[www.columbiawestcollege.edu/ja/blog/success-in-english-class-for-international-students.html]
[www.columbiawestcollege.edu/ja/blog/los-angeles-safety-guide-for-international-students.html]
[www.columbiawestcollege.edu/ja/blog.html]
[www.columbiawestcollege.edu/ja/contact-us.html]
[www.columbiawestcollege.edu/ja/old-home.html]
[www.columbiawestcollege.edu/ja/accommodations-old.html]
[www.columbiawestcollege.edu/ja/students/careers.html]
[www.columbiawestcollege.edu/ja/terms-and-conditions.html]
[www.columbiawestcollege.edu/blog/memorial-day-weekend-2025-a-guide-for-columbia-west-college-students.html]
[www.columbiawestcollege.edu/ja/blog/what-makes-columbia-west-college-so-special.html]
[www.columbiawestcollege.edu/blog/success-in-english-class-for-international-students.html]
[www.columbiawestcollege.edu/fr/blog/success-in-english-class-for-international-students.html]
[www.columbiawestcollege.edu/blog/los-angeles-safety-guide-for-international-students.html]
[www.columbiawestcollege.edu/fr/blog/los-angeles-safety-guide-for-international-students.html]
[www.columbiawestcollege.edu/blog/what-makes-columbia-west-college-so-special.html]
[www.columbiawestcollege.edu/zh-TW/contact-us-oldv2.html]
[www.columbiawestcollege.edu/zh-TW/blog/success-in-english-class-for-international-students.html]
[www.columbiawestcollege.edu/zh-TW/blog/los-angeles-safety-guide-for-international-students.html]
[www.columbiawestcollege.edu/zh-TW/blog/what-makes-columbia-west-college-so-special.html]
[www.columbiawestcollege.edu/cn/contact-us-oldv2.html]
[www.columbiawestcollege.edu/cn/blog/success-in-english-class-for-international-students.html]
[www.columbiawestcollege.edu/cn/blog/los-angeles-safety-guide-for-international-students.html]
[www.columbiawestcollege.edu/cn/blog/what-makes-columbia-west-college-so-special.html]
[www.columbiawestcollege.edu/th/contact-us-oldv2.html]
[www.columbiawestcollege.edu/th/blog/success-in-english-class-for-international-students.html]
[www.columbiawestcollege.edu/th/blog/los-angeles-safety-guide-for-international-students.html]
[www.columbiawestcollege.edu/th/blog/what-makes-columbia-west-college-so-special.html]
[www.columbiawestcollege.edu/es/contact-us-oldv2.html]
[www.columbiawestcollege.edu/es/blog/success-in-english-class-for-international-students.html]
[www.columbiawestcollege.edu/es/blog/los-angeles-safety-guide-for-international-students.html]
[www.columbiawestcollege.edu/es/blog/what-makes-columbia-west-college-so-special.html]
[www.columbiawestcollege.edu/ko/contact-us-oldv2.html]
[www.columbiawestcollege.edu/ko/blog/success-in-english-class-for-international-students.html]
[www.columbiawestcollege.edu/ko/blog/los-angeles-safety-guide-for-international-students.html]
[www.columbiawestcollege.edu/ko/blog/what-makes-columbia-west-college-so-special.html]
[www.columbiawestcollege.edu/ru/contact-us-oldv2.html]
[www.columbiawestcollege.edu/ru/blog/success-in-english-class-for-international-students.html]
[www.columbiawestcollege.edu/ru/blog/los-angeles-safety-guide-for-international-students.html]
[www.columbiawestcollege.edu/ru/blog/what-makes-columbia-west-college-so-special.html]
[www.columbiawestcollege.edu/pt/contact-us-oldv2.html]
[www.columbiawestcollege.edu/pt/blog/success-in-english-class-for-international-students.html]
[www.columbiawestcollege.edu/pt/blog/los-angeles-safety-guide-for-international-students.html]
[www.columbiawestcollege.edu/pt/blog/what-makes-columbia-west-college-so-special.html]
[www.columbiawestcollege.edu/ja/contact-us-oldv2.html]
[www.columbiawestcollege.edu/ja/blog/success-in-english-class-for-international-students.html]
[www.columbiawestcollege.edu/ja/blog/los-angeles-safety-guide-for-international-students.html]
[www.columbiawestcollege.edu/ja/blog/what-makes-columbia-west-college-so-special.html]
[www.columbiawestcollege.edu/fr/blog/success-in-english-class-for-international-students.html]
[www.columbiawestcollege.edu/fr/blog/los-angeles-safety-guide-for-international-students.html]
[www.columbiawestcollege.edu/fr/blog/what-makes-columbia-west-college-so-special.html]
[www.columbiawestcollege.edu/fr/blog/what-makes-columbia-west-college-so-special.html]
